[     587ms] [INFO] %cDownload the React DevTools for a better development experience: https://react.dev/link/react-devtools font-weight:bold @ http://localhost:5199/node_modules/.vite/deps/react-dom_client.js?v=94d53635:15804
[   29559ms] [ERROR] Error handled by React Router default ErrorBoundary: ReferenceError: C is not defined
    at http://localhost:5199/src/views/Purple.tsx?t=1789811452516:364:24
    at Array.map (<anonymous>)
    at LoopRing (http://localhost:5199/src/views/Purple.tsx?t=1789811452516:357:11)
    at Object.react_stack_bottom_frame (http://localhost:5199/node_modules/.vite/deps/react-dom_client.js?v=94d53635:14142:12)
    at renderWithHooks (http://localhost:5199/node_modules/.vite/deps/react-dom_client.js?v=94d53635:4400:19)
    at updateFunctionComponent (http://localhost:5199/node_modules/.vite/deps/react-dom_client.js?v=94d53635:5775:16)
    at beginWork (http://localhost:5199/node_modules/.vite/deps/react-dom_client.js?v=94d53635:6391:20)
    at runWithFiberInDEV (http://localhost:5199/node_modules/.vite/deps/react-dom_client.js?v=94d53635:944:66)
    at performUnitOfWork (http://localhost:5199/node_modules/.vite/deps/react-dom_client.js?v=94d53635:9148:92)
    at workLoopSync (http://localhost:5199/node_modules/.vite/deps/react-dom_client.js?v=94d53635:9044:37) @ http://localhost:5199/@vite/client:298
[   29561ms] [ERROR] Error handled by React Router default ErrorBoundary: ReferenceError: C is not defined
    at http://localhost:5199/src/views/Purple.tsx?t=1789811452516:364:24
    at Array.map (<anonymous>)
    at LoopRing (http://localhost:5199/src/views/Purple.tsx?t=1789811452516:357:11)
    at Object.react_stack_bottom_frame (http://localhost:5199/node_modules/.vite/deps/react-dom_client.js?v=94d53635:14142:12)
    at renderWithHooks (http://localhost:5199/node_modules/.vite/deps/react-dom_client.js?v=94d53635:4400:19)
    at updateFunctionComponent (http://localhost:5199/node_modules/.vite/deps/react-dom_client.js?v=94d53635:5775:16)
    at beginWork (http://localhost:5199/node_modules/.vite/deps/react-dom_client.js?v=94d53635:6391:20)
    at runWithFiberInDEV (http://localhost:5199/node_modules/.vite/deps/react-dom_client.js?v=94d53635:944:66)
    at performUnitOfWork (http://localhost:5199/node_modules/.vite/deps/react-dom_client.js?v=94d53635:9148:92)
    at workLoopSync (http://localhost:5199/node_modules/.vite/deps/react-dom_client.js?v=94d53635:9044:37) @ http://localhost:5199/@vite/client:298
[   29581ms] [ERROR] Error handled by React Router default ErrorBoundary: ReferenceError: C is not defined
    at http://localhost:5199/src/views/Purple.tsx?t=1789811452516:364:24
    at Array.map (<anonymous>)
    at LoopRing (http://localhost:5199/src/views/Purple.tsx?t=1789811452516:357:11)
    at Object.react_stack_bottom_frame (http://localhost:5199/node_modules/.vite/deps/react-dom_client.js?v=94d53635:14142:12)
    at renderWithHooks (http://localhost:5199/node_modules/.vite/deps/react-dom_client.js?v=94d53635:4400:19)
    at updateFunctionComponent (http://localhost:5199/node_modules/.vite/deps/react-dom_client.js?v=94d53635:5775:16)
    at beginWork (http://localhost:5199/node_modules/.vite/deps/react-dom_client.js?v=94d53635:6391:20)
    at runWithFiberInDEV (http://localhost:5199/node_modules/.vite/deps/react-dom_client.js?v=94d53635:944:66)
    at performUnitOfWork (http://localhost:5199/node_modules/.vite/deps/react-dom_client.js?v=94d53635:9148:92)
    at workLoopSync (http://localhost:5199/node_modules/.vite/deps/react-dom_client.js?v=94d53635:9044:37) @ http://localhost:5199/@vite/client:298
[   29582ms] [ERROR] Error handled by React Router default ErrorBoundary: ReferenceError: C is not defined
    at http://localhost:5199/src/views/Purple.tsx?t=1789811452516:364:24
    at Array.map (<anonymous>)
    at LoopRing (http://localhost:5199/src/views/Purple.tsx?t=1789811452516:357:11)
    at Object.react_stack_bottom_frame (http://localhost:5199/node_modules/.vite/deps/react-dom_client.js?v=94d53635:14142:12)
    at renderWithHooks (http://localhost:5199/node_modules/.vite/deps/react-dom_client.js?v=94d53635:4400:19)
    at updateFunctionComponent (http://localhost:5199/node_modules/.vite/deps/react-dom_client.js?v=94d53635:5775:16)
    at beginWork (http://localhost:5199/node_modules/.vite/deps/react-dom_client.js?v=94d53635:6391:20)
    at runWithFiberInDEV (http://localhost:5199/node_modules/.vite/deps/react-dom_client.js?v=94d53635:944:66)
    at performUnitOfWork (http://localhost:5199/node_modules/.vite/deps/react-dom_client.js?v=94d53635:9148:92)
    at workLoopSync (http://localhost:5199/node_modules/.vite/deps/react-dom_client.js?v=94d53635:9044:37) @ http://localhost:5199/@vite/client:298
[   29590ms] [ERROR] %o

%s

%s
 ReferenceError: C is not defined
    at http://localhost:5199/src/views/Purple.tsx?t=1789811452516:364:24
    at Array.map (<anonymous>)
    at LoopRing (http://localhost:5199/src/views/Purple.tsx?t=1789811452516:357:11)
    at Object.react_stack_bottom_frame (http://localhost:5199/node_modules/.vite/deps/react-dom_client.js?v=94d53635:14142:12)
    at renderWithHooks (http://localhost:5199/node_modules/.vite/deps/react-dom_client.js?v=94d53635:4400:19)
    at updateFunctionComponent (http://localhost:5199/node_modules/.vite/deps/react-dom_client.js?v=94d53635:5775:16)
    at beginWork (http://localhost:5199/node_modules/.vite/deps/react-dom_client.js?v=94d53635:6391:20)
    at runWithFiberInDEV (http://localhost:5199/node_modules/.vite/deps/react-dom_client.js?v=94d53635:944:66)
    at performUnitOfWork (http://localhost:5199/node_modules/.vite/deps/react-dom_client.js?v=94d53635:9148:92)
    at workLoopSync (http://localhost:5199/node_modules/.vite/deps/react-dom_client.js?v=94d53635:9044:37) The above error occurred in the <LoopRing> component. React will try to recreate this component tree from scratch using the error boundary you provided, RenderErrorBoundary. @ http://localhost:5199/@vite/client:298
[   29592ms] [ERROR] React Router caught the following error during render ReferenceError: C is not defined
    at http://localhost:5199/src/views/Purple.tsx?t=1789811452516:364:24
    at Array.map (<anonymous>)
    at LoopRing (http://localhost:5199/src/views/Purple.tsx?t=1789811452516:357:11)
    at Object.react_stack_bottom_frame (http://localhost:5199/node_modules/.vite/deps/react-dom_client.js?v=94d53635:14142:12)
    at renderWithHooks (http://localhost:5199/node_modules/.vite/deps/react-dom_client.js?v=94d53635:4400:19)
    at updateFunctionComponent (http://localhost:5199/node_modules/.vite/deps/react-dom_client.js?v=94d53635:5775:16)
    at beginWork (http://localhost:5199/node_modules/.vite/deps/react-dom_client.js?v=94d53635:6391:20)
    at runWithFiberInDEV (http://localhost:5199/node_modules/.vite/deps/react-dom_client.js?v=94d53635:944:66)
    at performUnitOfWork (http://localhost:5199/node_modules/.vite/deps/react-dom_client.js?v=94d53635:9148:92)
    at workLoopSync (http://localhost:5199/node_modules/.vite/deps/react-dom_client.js?v=94d53635:9044:37) @ http://localhost:5199/@vite/client:298
