[      86ms] [INFO] %cDownload the React DevTools for a better development experience: https://react.dev/link/react-devtools font-weight:bold @ http://localhost:5199/node_modules/.vite/deps/react-dom_client.js?v=94d53635:15804
[   56386ms] [ERROR] Error handled by React Router default ErrorBoundary: ReferenceError: Scroller is not defined
    at Dashboard (http://localhost:5199/src/views/Dashboard.tsx?t=1789809829191:369:83)
    at Object.react_stack_bottom_frame (http://localhost:5199/node_modules/.vite/deps/react-dom_client.js?v=94d53635:14142:12)
    at renderWithHooks (http://localhost:5199/node_modules/.vite/deps/react-dom_client.js?v=94d53635:4400:19)
    at updateFunctionComponent (http://localhost:5199/node_modules/.vite/deps/react-dom_client.js?v=94d53635:5775:16)
    at beginWork (http://localhost:5199/node_modules/.vite/deps/react-dom_client.js?v=94d53635:6391:20)
    at runWithFiberInDEV (http://localhost:5199/node_modules/.vite/deps/react-dom_client.js?v=94d53635:944:66)
    at performUnitOfWork (http://localhost:5199/node_modules/.vite/deps/react-dom_client.js?v=94d53635:9148:92)
    at workLoopSync (http://localhost:5199/node_modules/.vite/deps/react-dom_client.js?v=94d53635:9044:37)
    at renderRootSync (http://localhost:5199/node_modules/.vite/deps/react-dom_client.js?v=94d53635:9028:6)
    at performWorkOnRoot (http://localhost:5199/node_modules/.vite/deps/react-dom_client.js?v=94d53635:8678:181) @ http://localhost:5199/@vite/client:298
[   56386ms] [ERROR] Error handled by React Router default ErrorBoundary: ReferenceError: Scroller is not defined
    at Dashboard (http://localhost:5199/src/views/Dashboard.tsx?t=1789809829191:369:83)
    at Object.react_stack_bottom_frame (http://localhost:5199/node_modules/.vite/deps/react-dom_client.js?v=94d53635:14142:12)
    at renderWithHooks (http://localhost:5199/node_modules/.vite/deps/react-dom_client.js?v=94d53635:4400:19)
    at updateFunctionComponent (http://localhost:5199/node_modules/.vite/deps/react-dom_client.js?v=94d53635:5775:16)
    at beginWork (http://localhost:5199/node_modules/.vite/deps/react-dom_client.js?v=94d53635:6391:20)
    at runWithFiberInDEV (http://localhost:5199/node_modules/.vite/deps/react-dom_client.js?v=94d53635:944:66)
    at performUnitOfWork (http://localhost:5199/node_modules/.vite/deps/react-dom_client.js?v=94d53635:9148:92)
    at workLoopSync (http://localhost:5199/node_modules/.vite/deps/react-dom_client.js?v=94d53635:9044:37)
    at renderRootSync (http://localhost:5199/node_modules/.vite/deps/react-dom_client.js?v=94d53635:9028:6)
    at performWorkOnRoot (http://localhost:5199/node_modules/.vite/deps/react-dom_client.js?v=94d53635:8678:181) @ http://localhost:5199/@vite/client:298
[   56388ms] [ERROR] Error handled by React Router default ErrorBoundary: ReferenceError: Scroller is not defined
    at Dashboard (http://localhost:5199/src/views/Dashboard.tsx?t=1789809829191:369:83)
    at Object.react_stack_bottom_frame (http://localhost:5199/node_modules/.vite/deps/react-dom_client.js?v=94d53635:14142:12)
    at renderWithHooks (http://localhost:5199/node_modules/.vite/deps/react-dom_client.js?v=94d53635:4400:19)
    at updateFunctionComponent (http://localhost:5199/node_modules/.vite/deps/react-dom_client.js?v=94d53635:5775:16)
    at beginWork (http://localhost:5199/node_modules/.vite/deps/react-dom_client.js?v=94d53635:6391:20)
    at runWithFiberInDEV (http://localhost:5199/node_modules/.vite/deps/react-dom_client.js?v=94d53635:944:66)
    at performUnitOfWork (http://localhost:5199/node_modules/.vite/deps/react-dom_client.js?v=94d53635:9148:92)
    at workLoopSync (http://localhost:5199/node_modules/.vite/deps/react-dom_client.js?v=94d53635:9044:37)
    at renderRootSync (http://localhost:5199/node_modules/.vite/deps/react-dom_client.js?v=94d53635:9028:6)
    at performWorkOnRoot (http://localhost:5199/node_modules/.vite/deps/react-dom_client.js?v=94d53635:8715:27) @ http://localhost:5199/@vite/client:298
[   56389ms] [ERROR] Error handled by React Router default ErrorBoundary: ReferenceError: Scroller is not defined
    at Dashboard (http://localhost:5199/src/views/Dashboard.tsx?t=1789809829191:369:83)
    at Object.react_stack_bottom_frame (http://localhost:5199/node_modules/.vite/deps/react-dom_client.js?v=94d53635:14142:12)
    at renderWithHooks (http://localhost:5199/node_modules/.vite/deps/react-dom_client.js?v=94d53635:4400:19)
    at updateFunctionComponent (http://localhost:5199/node_modules/.vite/deps/react-dom_client.js?v=94d53635:5775:16)
    at beginWork (http://localhost:5199/node_modules/.vite/deps/react-dom_client.js?v=94d53635:6391:20)
    at runWithFiberInDEV (http://localhost:5199/node_modules/.vite/deps/react-dom_client.js?v=94d53635:944:66)
    at performUnitOfWork (http://localhost:5199/node_modules/.vite/deps/react-dom_client.js?v=94d53635:9148:92)
    at workLoopSync (http://localhost:5199/node_modules/.vite/deps/react-dom_client.js?v=94d53635:9044:37)
    at renderRootSync (http://localhost:5199/node_modules/.vite/deps/react-dom_client.js?v=94d53635:9028:6)
    at performWorkOnRoot (http://localhost:5199/node_modules/.vite/deps/react-dom_client.js?v=94d53635:8715:27) @ http://localhost:5199/@vite/client:298
[   56393ms] [ERROR] %o

%s

%s
 ReferenceError: Scroller is not defined
    at Dashboard (http://localhost:5199/src/views/Dashboard.tsx?t=1789809829191:369:83)
    at Object.react_stack_bottom_frame (http://localhost:5199/node_modules/.vite/deps/react-dom_client.js?v=94d53635:14142:12)
    at renderWithHooks (http://localhost:5199/node_modules/.vite/deps/react-dom_client.js?v=94d53635:4400:19)
    at updateFunctionComponent (http://localhost:5199/node_modules/.vite/deps/react-dom_client.js?v=94d53635:5775:16)
    at beginWork (http://localhost:5199/node_modules/.vite/deps/react-dom_client.js?v=94d53635:6391:20)
    at runWithFiberInDEV (http://localhost:5199/node_modules/.vite/deps/react-dom_client.js?v=94d53635:944:66)
    at performUnitOfWork (http://localhost:5199/node_modules/.vite/deps/react-dom_client.js?v=94d53635:9148:92)
    at workLoopSync (http://localhost:5199/node_modules/.vite/deps/react-dom_client.js?v=94d53635:9044:37)
    at renderRootSync (http://localhost:5199/node_modules/.vite/deps/react-dom_client.js?v=94d53635:9028:6)
    at performWorkOnRoot (http://localhost:5199/node_modules/.vite/deps/react-dom_client.js?v=94d53635:8715:27) The above error occurred in the <Dashboard> component. React will try to recreate this component tree from scratch using the error boundary you provided, RenderErrorBoundary. @ http://localhost:5199/@vite/client:298
[   56394ms] [ERROR] React Router caught the following error during render ReferenceError: Scroller is not defined
    at Dashboard (http://localhost:5199/src/views/Dashboard.tsx?t=1789809829191:369:83)
    at Object.react_stack_bottom_frame (http://localhost:5199/node_modules/.vite/deps/react-dom_client.js?v=94d53635:14142:12)
    at renderWithHooks (http://localhost:5199/node_modules/.vite/deps/react-dom_client.js?v=94d53635:4400:19)
    at updateFunctionComponent (http://localhost:5199/node_modules/.vite/deps/react-dom_client.js?v=94d53635:5775:16)
    at beginWork (http://localhost:5199/node_modules/.vite/deps/react-dom_client.js?v=94d53635:6391:20)
    at runWithFiberInDEV (http://localhost:5199/node_modules/.vite/deps/react-dom_client.js?v=94d53635:944:66)
    at performUnitOfWork (http://localhost:5199/node_modules/.vite/deps/react-dom_client.js?v=94d53635:9148:92)
    at workLoopSync (http://localhost:5199/node_modules/.vite/deps/react-dom_client.js?v=94d53635:9044:37)
    at renderRootSync (http://localhost:5199/node_modules/.vite/deps/react-dom_client.js?v=94d53635:9028:6)
    at performWorkOnRoot (http://localhost:5199/node_modules/.vite/deps/react-dom_client.js?v=94d53635:8715:27) @ http://localhost:5199/@vite/client:298
[   56463ms] [ERROR] Error handled by React Router default ErrorBoundary: ReferenceError: Scroller is not defined
    at Dashboard (http://localhost:5199/src/views/Dashboard.tsx?t=1789809829191:369:83)
    at Object.react_stack_bottom_frame (http://localhost:5199/node_modules/.vite/deps/react-dom_client.js?v=94d53635:14142:12)
    at renderWithHooks (http://localhost:5199/node_modules/.vite/deps/react-dom_client.js?v=94d53635:4400:19)
    at updateFunctionComponent (http://localhost:5199/node_modules/.vite/deps/react-dom_client.js?v=94d53635:5775:16)
    at beginWork (http://localhost:5199/node_modules/.vite/deps/react-dom_client.js?v=94d53635:6391:20)
    at runWithFiberInDEV (http://localhost:5199/node_modules/.vite/deps/react-dom_client.js?v=94d53635:944:66)
    at performUnitOfWork (http://localhost:5199/node_modules/.vite/deps/react-dom_client.js?v=94d53635:9148:92)
    at workLoopSync (http://localhost:5199/node_modules/.vite/deps/react-dom_client.js?v=94d53635:9044:37)
    at renderRootSync (http://localhost:5199/node_modules/.vite/deps/react-dom_client.js?v=94d53635:9028:6)
    at performWorkOnRoot (http://localhost:5199/node_modules/.vite/deps/react-dom_client.js?v=94d53635:8678:181) @ http://localhost:5199/@vite/client:298
[   56464ms] [ERROR] Error handled by React Router default ErrorBoundary: ReferenceError: Scroller is not defined
    at Dashboard (http://localhost:5199/src/views/Dashboard.tsx?t=1789809829191:369:83)
    at Object.react_stack_bottom_frame (http://localhost:5199/node_modules/.vite/deps/react-dom_client.js?v=94d53635:14142:12)
    at renderWithHooks (http://localhost:5199/node_modules/.vite/deps/react-dom_client.js?v=94d53635:4400:19)
    at updateFunctionComponent (http://localhost:5199/node_modules/.vite/deps/react-dom_client.js?v=94d53635:5775:16)
    at beginWork (http://localhost:5199/node_modules/.vite/deps/react-dom_client.js?v=94d53635:6391:20)
    at runWithFiberInDEV (http://localhost:5199/node_modules/.vite/deps/react-dom_client.js?v=94d53635:944:66)
    at performUnitOfWork (http://localhost:5199/node_modules/.vite/deps/react-dom_client.js?v=94d53635:9148:92)
    at workLoopSync (http://localhost:5199/node_modules/.vite/deps/react-dom_client.js?v=94d53635:9044:37)
    at renderRootSync (http://localhost:5199/node_modules/.vite/deps/react-dom_client.js?v=94d53635:9028:6)
    at performWorkOnRoot (http://localhost:5199/node_modules/.vite/deps/react-dom_client.js?v=94d53635:8678:181) @ http://localhost:5199/@vite/client:298
[   56472ms] [ERROR] Error handled by React Router default ErrorBoundary: ReferenceError: Scroller is not defined
    at Dashboard (http://localhost:5199/src/views/Dashboard.tsx?t=1789809829191:369:83)
    at Object.react_stack_bottom_frame (http://localhost:5199/node_modules/.vite/deps/react-dom_client.js?v=94d53635:14142:12)
    at renderWithHooks (http://localhost:5199/node_modules/.vite/deps/react-dom_client.js?v=94d53635:4400:19)
    at updateFunctionComponent (http://localhost:5199/node_modules/.vite/deps/react-dom_client.js?v=94d53635:5775:16)
    at beginWork (http://localhost:5199/node_modules/.vite/deps/react-dom_client.js?v=94d53635:6391:20)
    at runWithFiberInDEV (http://localhost:5199/node_modules/.vite/deps/react-dom_client.js?v=94d53635:944:66)
    at performUnitOfWork (http://localhost:5199/node_modules/.vite/deps/react-dom_client.js?v=94d53635:9148:92)
    at workLoopSync (http://localhost:5199/node_modules/.vite/deps/react-dom_client.js?v=94d53635:9044:37)
    at renderRootSync (http://localhost:5199/node_modules/.vite/deps/react-dom_client.js?v=94d53635:9028:6)
    at performWorkOnRoot (http://localhost:5199/node_modules/.vite/deps/react-dom_client.js?v=94d53635:8715:27) @ http://localhost:5199/@vite/client:298
[   56473ms] [ERROR] Error handled by React Router default ErrorBoundary: ReferenceError: Scroller is not defined
    at Dashboard (http://localhost:5199/src/views/Dashboard.tsx?t=1789809829191:369:83)
    at Object.react_stack_bottom_frame (http://localhost:5199/node_modules/.vite/deps/react-dom_client.js?v=94d53635:14142:12)
    at renderWithHooks (http://localhost:5199/node_modules/.vite/deps/react-dom_client.js?v=94d53635:4400:19)
    at updateFunctionComponent (http://localhost:5199/node_modules/.vite/deps/react-dom_client.js?v=94d53635:5775:16)
    at beginWork (http://localhost:5199/node_modules/.vite/deps/react-dom_client.js?v=94d53635:6391:20)
    at runWithFiberInDEV (http://localhost:5199/node_modules/.vite/deps/react-dom_client.js?v=94d53635:944:66)
    at performUnitOfWork (http://localhost:5199/node_modules/.vite/deps/react-dom_client.js?v=94d53635:9148:92)
    at workLoopSync (http://localhost:5199/node_modules/.vite/deps/react-dom_client.js?v=94d53635:9044:37)
    at renderRootSync (http://localhost:5199/node_modules/.vite/deps/react-dom_client.js?v=94d53635:9028:6)
    at performWorkOnRoot (http://localhost:5199/node_modules/.vite/deps/react-dom_client.js?v=94d53635:8715:27) @ http://localhost:5199/@vite/client:298
[   56474ms] [ERROR] %o

%s

%s
 ReferenceError: Scroller is not defined
    at Dashboard (http://localhost:5199/src/views/Dashboard.tsx?t=1789809829191:369:83)
    at Object.react_stack_bottom_frame (http://localhost:5199/node_modules/.vite/deps/react-dom_client.js?v=94d53635:14142:12)
    at renderWithHooks (http://localhost:5199/node_modules/.vite/deps/react-dom_client.js?v=94d53635:4400:19)
    at updateFunctionComponent (http://localhost:5199/node_modules/.vite/deps/react-dom_client.js?v=94d53635:5775:16)
    at beginWork (http://localhost:5199/node_modules/.vite/deps/react-dom_client.js?v=94d53635:6391:20)
    at runWithFiberInDEV (http://localhost:5199/node_modules/.vite/deps/react-dom_client.js?v=94d53635:944:66)
    at performUnitOfWork (http://localhost:5199/node_modules/.vite/deps/react-dom_client.js?v=94d53635:9148:92)
    at workLoopSync (http://localhost:5199/node_modules/.vite/deps/react-dom_client.js?v=94d53635:9044:37)
    at renderRootSync (http://localhost:5199/node_modules/.vite/deps/react-dom_client.js?v=94d53635:9028:6)
    at performWorkOnRoot (http://localhost:5199/node_modules/.vite/deps/react-dom_client.js?v=94d53635:8715:27) The above error occurred in the <Dashboard> component. React will try to recreate this component tree from scratch using the error boundary you provided, RenderErrorBoundary. @ http://localhost:5199/@vite/client:298
[   56474ms] [ERROR] React Router caught the following error during render ReferenceError: Scroller is not defined
    at Dashboard (http://localhost:5199/src/views/Dashboard.tsx?t=1789809829191:369:83)
    at Object.react_stack_bottom_frame (http://localhost:5199/node_modules/.vite/deps/react-dom_client.js?v=94d53635:14142:12)
    at renderWithHooks (http://localhost:5199/node_modules/.vite/deps/react-dom_client.js?v=94d53635:4400:19)
    at updateFunctionComponent (http://localhost:5199/node_modules/.vite/deps/react-dom_client.js?v=94d53635:5775:16)
    at beginWork (http://localhost:5199/node_modules/.vite/deps/react-dom_client.js?v=94d53635:6391:20)
    at runWithFiberInDEV (http://localhost:5199/node_modules/.vite/deps/react-dom_client.js?v=94d53635:944:66)
    at performUnitOfWork (http://localhost:5199/node_modules/.vite/deps/react-dom_client.js?v=94d53635:9148:92)
    at workLoopSync (http://localhost:5199/node_modules/.vite/deps/react-dom_client.js?v=94d53635:9044:37)
    at renderRootSync (http://localhost:5199/node_modules/.vite/deps/react-dom_client.js?v=94d53635:9028:6)
    at performWorkOnRoot (http://localhost:5199/node_modules/.vite/deps/react-dom_client.js?v=94d53635:8715:27) @ http://localhost:5199/@vite/client:298
[   56513ms] [ERROR] Error handled by React Router default ErrorBoundary: ReferenceError: Scroller is not defined
    at Dashboard (http://localhost:5199/src/views/Dashboard.tsx?t=1789809829191:369:83)
    at Object.react_stack_bottom_frame (http://localhost:5199/node_modules/.vite/deps/react-dom_client.js?v=94d53635:14142:12)
    at renderWithHooks (http://localhost:5199/node_modules/.vite/deps/react-dom_client.js?v=94d53635:4400:19)
    at updateFunctionComponent (http://localhost:5199/node_modules/.vite/deps/react-dom_client.js?v=94d53635:5775:16)
    at beginWork (http://localhost:5199/node_modules/.vite/deps/react-dom_client.js?v=94d53635:6391:20)
    at runWithFiberInDEV (http://localhost:5199/node_modules/.vite/deps/react-dom_client.js?v=94d53635:944:66)
    at performUnitOfWork (http://localhost:5199/node_modules/.vite/deps/react-dom_client.js?v=94d53635:9148:92)
    at workLoopSync (http://localhost:5199/node_modules/.vite/deps/react-dom_client.js?v=94d53635:9044:37)
    at renderRootSync (http://localhost:5199/node_modules/.vite/deps/react-dom_client.js?v=94d53635:9028:6)
    at performWorkOnRoot (http://localhost:5199/node_modules/.vite/deps/react-dom_client.js?v=94d53635:8678:181) @ http://localhost:5199/@vite/client:298
[   56514ms] [ERROR] Error handled by React Router default ErrorBoundary: ReferenceError: Scroller is not defined
    at Dashboard (http://localhost:5199/src/views/Dashboard.tsx?t=1789809829191:369:83)
    at Object.react_stack_bottom_frame (http://localhost:5199/node_modules/.vite/deps/react-dom_client.js?v=94d53635:14142:12)
    at renderWithHooks (http://localhost:5199/node_modules/.vite/deps/react-dom_client.js?v=94d53635:4400:19)
    at updateFunctionComponent (http://localhost:5199/node_modules/.vite/deps/react-dom_client.js?v=94d53635:5775:16)
    at beginWork (http://localhost:5199/node_modules/.vite/deps/react-dom_client.js?v=94d53635:6391:20)
    at runWithFiberInDEV (http://localhost:5199/node_modules/.vite/deps/react-dom_client.js?v=94d53635:944:66)
    at performUnitOfWork (http://localhost:5199/node_modules/.vite/deps/react-dom_client.js?v=94d53635:9148:92)
    at workLoopSync (http://localhost:5199/node_modules/.vite/deps/react-dom_client.js?v=94d53635:9044:37)
    at renderRootSync (http://localhost:5199/node_modules/.vite/deps/react-dom_client.js?v=94d53635:9028:6)
    at performWorkOnRoot (http://localhost:5199/node_modules/.vite/deps/react-dom_client.js?v=94d53635:8678:181) @ http://localhost:5199/@vite/client:298
[   56525ms] [ERROR] Error handled by React Router default ErrorBoundary: ReferenceError: Scroller is not defined
    at Dashboard (http://localhost:5199/src/views/Dashboard.tsx?t=1789809829191:369:83)
    at Object.react_stack_bottom_frame (http://localhost:5199/node_modules/.vite/deps/react-dom_client.js?v=94d53635:14142:12)
    at renderWithHooks (http://localhost:5199/node_modules/.vite/deps/react-dom_client.js?v=94d53635:4400:19)
    at updateFunctionComponent (http://localhost:5199/node_modules/.vite/deps/react-dom_client.js?v=94d53635:5775:16)
    at beginWork (http://localhost:5199/node_modules/.vite/deps/react-dom_client.js?v=94d53635:6391:20)
    at runWithFiberInDEV (http://localhost:5199/node_modules/.vite/deps/react-dom_client.js?v=94d53635:944:66)
    at performUnitOfWork (http://localhost:5199/node_modules/.vite/deps/react-dom_client.js?v=94d53635:9148:92)
    at workLoopSync (http://localhost:5199/node_modules/.vite/deps/react-dom_client.js?v=94d53635:9044:37)
    at renderRootSync (http://localhost:5199/node_modules/.vite/deps/react-dom_client.js?v=94d53635:9028:6)
    at performWorkOnRoot (http://localhost:5199/node_modules/.vite/deps/react-dom_client.js?v=94d53635:8715:27) @ http://localhost:5199/@vite/client:298
[   56525ms] [ERROR] Error handled by React Router default ErrorBoundary: ReferenceError: Scroller is not defined
    at Dashboard (http://localhost:5199/src/views/Dashboard.tsx?t=1789809829191:369:83)
    at Object.react_stack_bottom_frame (http://localhost:5199/node_modules/.vite/deps/react-dom_client.js?v=94d53635:14142:12)
    at renderWithHooks (http://localhost:5199/node_modules/.vite/deps/react-dom_client.js?v=94d53635:4400:19)
    at updateFunctionComponent (http://localhost:5199/node_modules/.vite/deps/react-dom_client.js?v=94d53635:5775:16)
    at beginWork (http://localhost:5199/node_modules/.vite/deps/react-dom_client.js?v=94d53635:6391:20)
    at runWithFiberInDEV (http://localhost:5199/node_modules/.vite/deps/react-dom_client.js?v=94d53635:944:66)
    at performUnitOfWork (http://localhost:5199/node_modules/.vite/deps/react-dom_client.js?v=94d53635:9148:92)
    at workLoopSync (http://localhost:5199/node_modules/.vite/deps/react-dom_client.js?v=94d53635:9044:37)
    at renderRootSync (http://localhost:5199/node_modules/.vite/deps/react-dom_client.js?v=94d53635:9028:6)
    at performWorkOnRoot (http://localhost:5199/node_modules/.vite/deps/react-dom_client.js?v=94d53635:8715:27) @ http://localhost:5199/@vite/client:298
[   56526ms] [ERROR] %o

%s

%s
 ReferenceError: Scroller is not defined
    at Dashboard (http://localhost:5199/src/views/Dashboard.tsx?t=1789809829191:369:83)
    at Object.react_stack_bottom_frame (http://localhost:5199/node_modules/.vite/deps/react-dom_client.js?v=94d53635:14142:12)
    at renderWithHooks (http://localhost:5199/node_modules/.vite/deps/react-dom_client.js?v=94d53635:4400:19)
    at updateFunctionComponent (http://localhost:5199/node_modules/.vite/deps/react-dom_client.js?v=94d53635:5775:16)
    at beginWork (http://localhost:5199/node_modules/.vite/deps/react-dom_client.js?v=94d53635:6391:20)
    at runWithFiberInDEV (http://localhost:5199/node_modules/.vite/deps/react-dom_client.js?v=94d53635:944:66)
    at performUnitOfWork (http://localhost:5199/node_modules/.vite/deps/react-dom_client.js?v=94d53635:9148:92)
    at workLoopSync (http://localhost:5199/node_modules/.vite/deps/react-dom_client.js?v=94d53635:9044:37)
    at renderRootSync (http://localhost:5199/node_modules/.vite/deps/react-dom_client.js?v=94d53635:9028:6)
    at performWorkOnRoot (http://localhost:5199/node_modules/.vite/deps/react-dom_client.js?v=94d53635:8715:27) The above error occurred in the <Dashboard> component. React will try to recreate this component tree from scratch using the error boundary you provided, RenderErrorBoundary. @ http://localhost:5199/@vite/client:298
[   56527ms] [ERROR] React Router caught the following error during render ReferenceError: Scroller is not defined
    at Dashboard (http://localhost:5199/src/views/Dashboard.tsx?t=1789809829191:369:83)
    at Object.react_stack_bottom_frame (http://localhost:5199/node_modules/.vite/deps/react-dom_client.js?v=94d53635:14142:12)
    at renderWithHooks (http://localhost:5199/node_modules/.vite/deps/react-dom_client.js?v=94d53635:4400:19)
    at updateFunctionComponent (http://localhost:5199/node_modules/.vite/deps/react-dom_client.js?v=94d53635:5775:16)
    at beginWork (http://localhost:5199/node_modules/.vite/deps/react-dom_client.js?v=94d53635:6391:20)
    at runWithFiberInDEV (http://localhost:5199/node_modules/.vite/deps/react-dom_client.js?v=94d53635:944:66)
    at performUnitOfWork (http://localhost:5199/node_modules/.vite/deps/react-dom_client.js?v=94d53635:9148:92)
    at workLoopSync (http://localhost:5199/node_modules/.vite/deps/react-dom_client.js?v=94d53635:9044:37)
    at renderRootSync (http://localhost:5199/node_modules/.vite/deps/react-dom_client.js?v=94d53635:9028:6)
    at performWorkOnRoot (http://localhost:5199/node_modules/.vite/deps/react-dom_client.js?v=94d53635:8715:27) @ http://localhost:5199/@vite/client:298
[   58153ms] [INFO] %cDownload the React DevTools for a better development experience: https://react.dev/link/react-devtools font-weight:bold @ http://localhost:5199/node_modules/.vite/deps/react-dom_client.js?v=94d53635:15804
[   58184ms] [ERROR] Error handled by React Router default ErrorBoundary: ReferenceError: Scroller is not defined
    at Dashboard (http://localhost:5199/src/views/Dashboard.tsx?t=1789809829191:369:83)
    at Object.react_stack_bottom_frame (http://localhost:5199/node_modules/.vite/deps/react-dom_client.js?v=94d53635:14142:12)
    at renderWithHooks (http://localhost:5199/node_modules/.vite/deps/react-dom_client.js?v=94d53635:4400:19)
    at updateFunctionComponent (http://localhost:5199/node_modules/.vite/deps/react-dom_client.js?v=94d53635:5775:16)
    at beginWork (http://localhost:5199/node_modules/.vite/deps/react-dom_client.js?v=94d53635:6391:20)
    at runWithFiberInDEV (http://localhost:5199/node_modules/.vite/deps/react-dom_client.js?v=94d53635:944:66)
    at performUnitOfWork (http://localhost:5199/node_modules/.vite/deps/react-dom_client.js?v=94d53635:9148:92)
    at workLoopSync (http://localhost:5199/node_modules/.vite/deps/react-dom_client.js?v=94d53635:9044:37)
    at renderRootSync (http://localhost:5199/node_modules/.vite/deps/react-dom_client.js?v=94d53635:9028:6)
    at performWorkOnRoot (http://localhost:5199/node_modules/.vite/deps/react-dom_client.js?v=94d53635:8678:181) @ http://localhost:5199/@vite/client:298
[   58185ms] [ERROR] Error handled by React Router default ErrorBoundary: ReferenceError: Scroller is not defined
    at Dashboard (http://localhost:5199/src/views/Dashboard.tsx?t=1789809829191:369:83)
    at Object.react_stack_bottom_frame (http://localhost:5199/node_modules/.vite/deps/react-dom_client.js?v=94d53635:14142:12)
    at renderWithHooks (http://localhost:5199/node_modules/.vite/deps/react-dom_client.js?v=94d53635:4400:19)
    at updateFunctionComponent (http://localhost:5199/node_modules/.vite/deps/react-dom_client.js?v=94d53635:5775:16)
    at beginWork (http://localhost:5199/node_modules/.vite/deps/react-dom_client.js?v=94d53635:6391:20)
    at runWithFiberInDEV (http://localhost:5199/node_modules/.vite/deps/react-dom_client.js?v=94d53635:944:66)
    at performUnitOfWork (http://localhost:5199/node_modules/.vite/deps/react-dom_client.js?v=94d53635:9148:92)
    at workLoopSync (http://localhost:5199/node_modules/.vite/deps/react-dom_client.js?v=94d53635:9044:37)
    at renderRootSync (http://localhost:5199/node_modules/.vite/deps/react-dom_client.js?v=94d53635:9028:6)
    at performWorkOnRoot (http://localhost:5199/node_modules/.vite/deps/react-dom_client.js?v=94d53635:8678:181) @ http://localhost:5199/@vite/client:298
[   58196ms] [ERROR] Error handled by React Router default ErrorBoundary: ReferenceError: Scroller is not defined
    at Dashboard (http://localhost:5199/src/views/Dashboard.tsx?t=1789809829191:369:83)
    at Object.react_stack_bottom_frame (http://localhost:5199/node_modules/.vite/deps/react-dom_client.js?v=94d53635:14142:12)
    at renderWithHooks (http://localhost:5199/node_modules/.vite/deps/react-dom_client.js?v=94d53635:4400:19)
    at updateFunctionComponent (http://localhost:5199/node_modules/.vite/deps/react-dom_client.js?v=94d53635:5775:16)
    at beginWork (http://localhost:5199/node_modules/.vite/deps/react-dom_client.js?v=94d53635:6391:20)
    at runWithFiberInDEV (http://localhost:5199/node_modules/.vite/deps/react-dom_client.js?v=94d53635:944:66)
    at performUnitOfWork (http://localhost:5199/node_modules/.vite/deps/react-dom_client.js?v=94d53635:9148:92)
    at workLoopSync (http://localhost:5199/node_modules/.vite/deps/react-dom_client.js?v=94d53635:9044:37)
    at renderRootSync (http://localhost:5199/node_modules/.vite/deps/react-dom_client.js?v=94d53635:9028:6)
    at performWorkOnRoot (http://localhost:5199/node_modules/.vite/deps/react-dom_client.js?v=94d53635:8715:27) @ http://localhost:5199/@vite/client:298
[   58196ms] [ERROR] Error handled by React Router default ErrorBoundary: ReferenceError: Scroller is not defined
    at Dashboard (http://localhost:5199/src/views/Dashboard.tsx?t=1789809829191:369:83)
    at Object.react_stack_bottom_frame (http://localhost:5199/node_modules/.vite/deps/react-dom_client.js?v=94d53635:14142:12)
    at renderWithHooks (http://localhost:5199/node_modules/.vite/deps/react-dom_client.js?v=94d53635:4400:19)
    at updateFunctionComponent (http://localhost:5199/node_modules/.vite/deps/react-dom_client.js?v=94d53635:5775:16)
    at beginWork (http://localhost:5199/node_modules/.vite/deps/react-dom_client.js?v=94d53635:6391:20)
    at runWithFiberInDEV (http://localhost:5199/node_modules/.vite/deps/react-dom_client.js?v=94d53635:944:66)
    at performUnitOfWork (http://localhost:5199/node_modules/.vite/deps/react-dom_client.js?v=94d53635:9148:92)
    at workLoopSync (http://localhost:5199/node_modules/.vite/deps/react-dom_client.js?v=94d53635:9044:37)
    at renderRootSync (http://localhost:5199/node_modules/.vite/deps/react-dom_client.js?v=94d53635:9028:6)
    at performWorkOnRoot (http://localhost:5199/node_modules/.vite/deps/react-dom_client.js?v=94d53635:8715:27) @ http://localhost:5199/@vite/client:298
[   58197ms] [ERROR] %o

%s

%s
 ReferenceError: Scroller is not defined
    at Dashboard (http://localhost:5199/src/views/Dashboard.tsx?t=1789809829191:369:83)
    at Object.react_stack_bottom_frame (http://localhost:5199/node_modules/.vite/deps/react-dom_client.js?v=94d53635:14142:12)
    at renderWithHooks (http://localhost:5199/node_modules/.vite/deps/react-dom_client.js?v=94d53635:4400:19)
    at updateFunctionComponent (http://localhost:5199/node_modules/.vite/deps/react-dom_client.js?v=94d53635:5775:16)
    at beginWork (http://localhost:5199/node_modules/.vite/deps/react-dom_client.js?v=94d53635:6391:20)
    at runWithFiberInDEV (http://localhost:5199/node_modules/.vite/deps/react-dom_client.js?v=94d53635:944:66)
    at performUnitOfWork (http://localhost:5199/node_modules/.vite/deps/react-dom_client.js?v=94d53635:9148:92)
    at workLoopSync (http://localhost:5199/node_modules/.vite/deps/react-dom_client.js?v=94d53635:9044:37)
    at renderRootSync (http://localhost:5199/node_modules/.vite/deps/react-dom_client.js?v=94d53635:9028:6)
    at performWorkOnRoot (http://localhost:5199/node_modules/.vite/deps/react-dom_client.js?v=94d53635:8715:27) The above error occurred in the <Dashboard> component. React will try to recreate this component tree from scratch using the error boundary you provided, RenderErrorBoundary. @ http://localhost:5199/@vite/client:298
[   58197ms] [ERROR] React Router caught the following error during render ReferenceError: Scroller is not defined
    at Dashboard (http://localhost:5199/src/views/Dashboard.tsx?t=1789809829191:369:83)
    at Object.react_stack_bottom_frame (http://localhost:5199/node_modules/.vite/deps/react-dom_client.js?v=94d53635:14142:12)
    at renderWithHooks (http://localhost:5199/node_modules/.vite/deps/react-dom_client.js?v=94d53635:4400:19)
    at updateFunctionComponent (http://localhost:5199/node_modules/.vite/deps/react-dom_client.js?v=94d53635:5775:16)
    at beginWork (http://localhost:5199/node_modules/.vite/deps/react-dom_client.js?v=94d53635:6391:20)
    at runWithFiberInDEV (http://localhost:5199/node_modules/.vite/deps/react-dom_client.js?v=94d53635:944:66)
    at performUnitOfWork (http://localhost:5199/node_modules/.vite/deps/react-dom_client.js?v=94d53635:9148:92)
    at workLoopSync (http://localhost:5199/node_modules/.vite/deps/react-dom_client.js?v=94d53635:9044:37)
    at renderRootSync (http://localhost:5199/node_modules/.vite/deps/react-dom_client.js?v=94d53635:9028:6)
    at performWorkOnRoot (http://localhost:5199/node_modules/.vite/deps/react-dom_client.js?v=94d53635:8715:27) @ http://localhost:5199/@vite/client:298
